C:/Users/romeo/OneDrive/Desktop/RCS/stuff/Core/Src/main.c:74:5:main	8	static
C:/Users/romeo/OneDrive/Desktop/RCS/stuff/Core/Src/main.c:130:6:SystemClock_Config	88	static
C:/Users/romeo/OneDrive/Desktop/RCS/stuff/Core/Src/main.c:177:13:MX_SPI1_Init	8	static
C:/Users/romeo/OneDrive/Desktop/RCS/stuff/Core/Src/main.c:217:13:MX_SPI2_Init	8	static
C:/Users/romeo/OneDrive/Desktop/RCS/stuff/Core/Src/main.c:257:13:MX_TIM1_Init	120	static
C:/Users/romeo/OneDrive/Desktop/RCS/stuff/Core/Src/main.c:351:13:MX_USB_PCD_Init	8	static
C:/Users/romeo/OneDrive/Desktop/RCS/stuff/Core/Src/main.c:384:13:MX_GPIO_Init	48	static
C:/Users/romeo/OneDrive/Desktop/RCS/stuff/Core/Src/main.c:443:6:Error_Handler	4	static,ignoring_inline_asm
